Info: Starting: Create HDL design files for synthesis
Info: qsys-generate /home/alex/workspace/a10_dev/bel_projects/ip_cores/general-cores/platform/altera/networks/arria10gx/single_region/single_region.qsys --synthesis=VERILOG --output-directory=/home/alex/workspace/a10_dev/bel_projects/ip_cores/general-cores/platform/altera/networks/arria10gx/single_region/single_region --family="Arria 10" --part=10AX027E3F29E2SG
Progress: Loading single_region/single_region.qsys
Progress: Reading input file
Progress: Adding altclkctrl_0 [altclkctrl 18.1]
Progress: Parameterizing module altclkctrl_0
Progress: Building connections
Progress: Parameterizing connections
Progress: Validating
Progress: Done reading input file
: single_region.altclkctrl_0: Targeting device family: Arria 10.
: single_region.altclkctrl_0: Regional clock network allows a clock signal to reach a quadrant of the chip. Only one clock input is accepted.
: single_region.altclkctrl_0: The register mode of port 'ena' is unavailable while 'ena' port not added. 
Info: single_region: "Transforming system: single_region"
Info: single_region: Running transform generation_view_transform
Info: single_region: Running transform generation_view_transform took 0.000s
Info: altclkctrl_0: Running transform generation_view_transform
Info: altclkctrl_0: Running transform generation_view_transform took 0.001s
Info: single_region: Running transform merlin_avalon_transform
Info: single_region: Running transform merlin_avalon_transform took 0.039s
Info: single_region: "Naming system components in system: single_region"
Info: single_region: "Processing generation queue"
Info: single_region: "Generating: single_region"
Info: single_region: "Generating: single_region_altclkctrl_181_bjorw2i"
Info: altclkctrl_0: Generating top-level entity single_region_altclkctrl_181_bjorw2i.
Info: single_region: Done "single_region" with 2 modules, 3 files
Info: qsys-generate succeeded.
Info: Finished: Create HDL design files for synthesis
