Info: Starting: Create simulation model
Info: qsys-generate /home/alex/workspace/projects/r13/bel_projects/ip_cores/general-cores/platform/altera/networks/arria10gx/global_region.qsys --simulation=VHDL --allow-mixed-language-simulation --output-directory=/home/alex/workspace/projects/r13/bel_projects/ip_cores/general-cores/platform/altera/networks/arria10gx/global_region --family="Arria 10" --part=10AX027E3F29E2SG
Progress: Loading arria10gx/global_region.qsys
Progress: Reading input file
Progress: Adding altclkctrl_0 [altclkctrl 18.1]
Progress: Parameterizing module altclkctrl_0
Progress: Building connections
Progress: Parameterizing connections
Progress: Validating
Progress: Done reading input file
: global_region.altclkctrl_0: Targeting device family: Arria 10.
: global_region.altclkctrl_0: Global clock network allows a clock signal to reach all parts of the chip with the same amount of skew. Input port 'clkselect' can be used to switch between four clock inputs.
: global_region.altclkctrl_0: The register mode of port 'ena' is unavailable while 'ena' port not added. 
Info: global_region: "Transforming system: global_region"
Info: global_region: Running transform generation_view_transform
Info: global_region: Running transform generation_view_transform took 0.000s
Info: altclkctrl_0: Running transform generation_view_transform
Info: altclkctrl_0: Running transform generation_view_transform took 0.000s
Info: global_region: Running transform merlin_avalon_transform
Info: global_region: Running transform merlin_avalon_transform took 0.046s
Info: global_region: "Naming system components in system: global_region"
Info: global_region: "Processing generation queue"
Info: global_region: "Generating: global_region"
Info: global_region: "Generating: global_region_altclkctrl_181_cf6o3fq"
Info: altclkctrl_0: Generating top-level entity global_region_altclkctrl_181_cf6o3fq.
Info: global_region: Done "global_region" with 2 modules, 2 files
Info: qsys-generate succeeded.
Info: Finished: Create simulation model
Info: Starting: Create Modelsim Project.
Info: sim-script-gen --spd=/home/alex/workspace/projects/r13/bel_projects/ip_cores/general-cores/platform/altera/networks/arria10gx/global_region/global_region.spd --output-directory=/home/alex/workspace/projects/r13/bel_projects/ip_cores/general-cores/platform/altera/networks/arria10gx/global_region/sim/ --use-relative-paths=true
Info: Doing: ip-make-simscript --spd=/home/alex/workspace/projects/r13/bel_projects/ip_cores/general-cores/platform/altera/networks/arria10gx/global_region/global_region.spd --output-directory=/home/alex/workspace/projects/r13/bel_projects/ip_cores/general-cores/platform/altera/networks/arria10gx/global_region/sim/ --use-relative-paths=true
Info: Generating the following file(s) for MODELSIM simulator in /home/alex/workspace/projects/r13/bel_projects/ip_cores/general-cores/platform/altera/networks/arria10gx/global_region/sim/ directory:
Info: 	mentor/msim_setup.tcl
Info: Skipping VCS script generation since VHDL file $QUARTUS_INSTALL_DIR/eda/sim_lib/altera_syn_attributes.vhd is required for simulation
Info: Generating the following file(s) for VCSMX simulator in /home/alex/workspace/projects/r13/bel_projects/ip_cores/general-cores/platform/altera/networks/arria10gx/global_region/sim/ directory:
Info: 	synopsys/vcsmx/synopsys_sim.setup
Info: 	synopsys/vcsmx/vcsmx_setup.sh
Info: Generating the following file(s) for NCSIM simulator in /home/alex/workspace/projects/r13/bel_projects/ip_cores/general-cores/platform/altera/networks/arria10gx/global_region/sim/ directory:
Info: 	cadence/cds.lib
Info: 	cadence/hdl.var
Info: 	cadence/ncsim_setup.sh
Info: 	1 .cds.lib files in cadence/cds_libs/ directory
Info: Generating the following file(s) for RIVIERA simulator in /home/alex/workspace/projects/r13/bel_projects/ip_cores/general-cores/platform/altera/networks/arria10gx/global_region/sim/ directory:
Info: 	aldec/rivierapro_setup.tcl
Info: For information on how to simulate your IP, see the explanatory comments in the simulator-specific subdirectories under /home/alex/workspace/projects/r13/bel_projects/ip_cores/general-cores/platform/altera/networks/arria10gx/global_region/sim/.
Info: Regenerate these scripts whenever you make any change to any Quartus-generated IP in your project.
Info: Finished: Create Modelsim Project.
Info: Starting: Create block symbol file (.bsf)
Info: qsys-generate /home/alex/workspace/projects/r13/bel_projects/ip_cores/general-cores/platform/altera/networks/arria10gx/global_region.qsys --block-symbol-file --output-directory=/home/alex/workspace/projects/r13/bel_projects/ip_cores/general-cores/platform/altera/networks/arria10gx/global_region --family="Arria 10" --part=10AX027E3F29E2SG
Progress: Loading arria10gx/global_region.qsys
Progress: Reading input file
Progress: Adding altclkctrl_0 [altclkctrl 18.1]
Progress: Parameterizing module altclkctrl_0
Progress: Building connections
Progress: Parameterizing connections
Progress: Validating
Progress: Done reading input file
: global_region.altclkctrl_0: Targeting device family: Arria 10.
: global_region.altclkctrl_0: Global clock network allows a clock signal to reach all parts of the chip with the same amount of skew. Input port 'clkselect' can be used to switch between four clock inputs.
: global_region.altclkctrl_0: The register mode of port 'ena' is unavailable while 'ena' port not added. 
Info: qsys-generate succeeded.
Info: Finished: Create block symbol file (.bsf)
Info: 
Info: Starting: Create HDL design files for synthesis
Info: qsys-generate /home/alex/workspace/projects/r13/bel_projects/ip_cores/general-cores/platform/altera/networks/arria10gx/global_region.qsys --synthesis=VHDL --output-directory=/home/alex/workspace/projects/r13/bel_projects/ip_cores/general-cores/platform/altera/networks/arria10gx/global_region --family="Arria 10" --part=10AX027E3F29E2SG
Progress: Loading arria10gx/global_region.qsys
Progress: Reading input file
Progress: Adding altclkctrl_0 [altclkctrl 18.1]
Progress: Parameterizing module altclkctrl_0
Progress: Building connections
Progress: Parameterizing connections
Progress: Validating
Progress: Done reading input file
: global_region.altclkctrl_0: Targeting device family: Arria 10.
: global_region.altclkctrl_0: Global clock network allows a clock signal to reach all parts of the chip with the same amount of skew. Input port 'clkselect' can be used to switch between four clock inputs.
: global_region.altclkctrl_0: The register mode of port 'ena' is unavailable while 'ena' port not added. 
Info: global_region: "Transforming system: global_region"
Info: global_region: Running transform generation_view_transform
Info: global_region: Running transform generation_view_transform took 0.000s
Info: altclkctrl_0: Running transform generation_view_transform
Info: altclkctrl_0: Running transform generation_view_transform took 0.000s
Info: global_region: Running transform merlin_avalon_transform
Info: global_region: Running transform merlin_avalon_transform took 0.012s
Info: global_region: "Naming system components in system: global_region"
Info: global_region: "Processing generation queue"
Info: global_region: "Generating: global_region"
Info: global_region: "Generating: global_region_altclkctrl_181_cf6o3fq"
Info: altclkctrl_0: Generating top-level entity global_region_altclkctrl_181_cf6o3fq.
Info: global_region: Done "global_region" with 2 modules, 3 files
Info: qsys-generate succeeded.
Info: Finished: Create HDL design files for synthesis
